// Jest Snapshot v1, https://goo.gl/fbAQLP

exports[`Button should work 1`] = `
<div>
  <button
    class="buttonModule.Button buttonModule.Button-error"
    type="button"
  >
    Hello world!
  </button>
</div>
`;
